INFO:django.utils.autoreload:C:\Users\Geral\Desktop\Curso de Django\Aula 01\learning_log\learning_logs\urls.py changed, reloading.
WARNING:django.request:Not Found: /po
WARNING:django.request:Not Found: /rojetos
ERROR:django.request:Internal Server Error: /projetos
Traceback (most recent call last):
  File "C:\Users\Geral\Desktop\Curso de Django\Aula 01\learning_log\ll_env\Lib\site-packages\django\core\handlers\exception.py", line 55, in inner
    response = get_response(request)
               ^^^^^^^^^^^^^^^^^^^^^
  File "C:\Users\Geral\Desktop\Curso de Django\Aula 01\learning_log\ll_env\Lib\site-packages\django\core\handlers\base.py", line 197, in _get_response
    response = wrapped_callback(request, *callback_args, **callback_kwargs)
               ^^^^^^^^^^^^^^^^^^^^^^^^^^^^^^^^^^^^^^^^^^^^^^^^^^^^^^^^^^^^
  File "C:\Users\Geral\Desktop\Curso de Django\Aula 01\learning_log\learning_logs\views.py", line 17, in pastas
    return render(request, 'learning_logs/projetos.html', context)
           ^^^^^^^^^^^^^^^^^^^^^^^^^^^^^^^^^^^^^^^^^^^^^^^^^^^^^^^
  File "C:\Users\Geral\Desktop\Curso de Django\Aula 01\learning_log\ll_env\Lib\site-packages\django\shortcuts.py", line 25, in render
    content = loader.render_to_string(template_name, context, request, using=using)
              ^^^^^^^^^^^^^^^^^^^^^^^^^^^^^^^^^^^^^^^^^^^^^^^^^^^^^^^^^^^^^^^^^^^^^
  File "C:\Users\Geral\Desktop\Curso de Django\Aula 01\learning_log\ll_env\Lib\site-packages\django\template\loader.py", line 61, in render_to_string
    template = get_template(template_name, using=using)
               ^^^^^^^^^^^^^^^^^^^^^^^^^^^^^^^^^^^^^^^^
  File "C:\Users\Geral\Desktop\Curso de Django\Aula 01\learning_log\ll_env\Lib\site-packages\django\template\loader.py", line 15, in get_template
    return engine.get_template(template_name)
           ^^^^^^^^^^^^^^^^^^^^^^^^^^^^^^^^^^
  File "C:\Users\Geral\Desktop\Curso de Django\Aula 01\learning_log\ll_env\Lib\site-packages\django\template\backends\django.py", line 79, in get_template
    return Template(self.engine.get_template(template_name), self)
                    ^^^^^^^^^^^^^^^^^^^^^^^^^^^^^^^^^^^^^^^
  File "C:\Users\Geral\Desktop\Curso de Django\Aula 01\learning_log\ll_env\Lib\site-packages\django\template\engine.py", line 177, in get_template
    template, origin = self.find_template(template_name)
                       ^^^^^^^^^^^^^^^^^^^^^^^^^^^^^^^^^
  File "C:\Users\Geral\Desktop\Curso de Django\Aula 01\learning_log\ll_env\Lib\site-packages\django\template\engine.py", line 159, in find_template
    template = loader.get_template(name, skip=skip)
               ^^^^^^^^^^^^^^^^^^^^^^^^^^^^^^^^^^^^
  File "C:\Users\Geral\Desktop\Curso de Django\Aula 01\learning_log\ll_env\Lib\site-packages\django\template\loaders\cached.py", line 57, in get_template
    template = super().get_template(template_name, skip)
               ^^^^^^^^^^^^^^^^^^^^^^^^^^^^^^^^^^^^^^^^^
  File "C:\Users\Geral\Desktop\Curso de Django\Aula 01\learning_log\ll_env\Lib\site-packages\django\template\loaders\base.py", line 28, in get_template
    return Template(
           ^^^^^^^^^
  File "C:\Users\Geral\Desktop\Curso de Django\Aula 01\learning_log\ll_env\Lib\site-packages\django\template\base.py", line 154, in __init__
    self.nodelist = self.compile_nodelist()
                    ^^^^^^^^^^^^^^^^^^^^^^^
  File "C:\Users\Geral\Desktop\Curso de Django\Aula 01\learning_log\ll_env\Lib\site-packages\django\template\base.py", line 196, in compile_nodelist
    nodelist = parser.parse()
               ^^^^^^^^^^^^^^
  File "C:\Users\Geral\Desktop\Curso de Django\Aula 01\learning_log\ll_env\Lib\site-packages\django\template\base.py", line 489, in parse
    raise self.error(token, e)
  File "C:\Users\Geral\Desktop\Curso de Django\Aula 01\learning_log\ll_env\Lib\site-packages\django\template\base.py", line 487, in parse
    filter_expression = self.compile_filter(token.contents)
                        ^^^^^^^^^^^^^^^^^^^^^^^^^^^^^^^^^^^
  File "C:\Users\Geral\Desktop\Curso de Django\Aula 01\learning_log\ll_env\Lib\site-packages\django\template\base.py", line 605, in compile_filter
    return FilterExpression(token, self)
           ^^^^^^^^^^^^^^^^^^^^^^^^^^^^^
  File "C:\Users\Geral\Desktop\Curso de Django\Aula 01\learning_log\ll_env\Lib\site-packages\django\template\base.py", line 706, in __init__
    raise TemplateSyntaxError(
django.template.exceptions.TemplateSyntaxError: Could not parse the remainder: '% block content %' from '% block content %'
ERROR:django.request:Internal Server Error: /projetos
Traceback (most recent call last):
  File "C:\Users\Geral\Desktop\Curso de Django\Aula 01\learning_log\ll_env\Lib\site-packages\django\core\handlers\exception.py", line 55, in inner
    response = get_response(request)
               ^^^^^^^^^^^^^^^^^^^^^
  File "C:\Users\Geral\Desktop\Curso de Django\Aula 01\learning_log\ll_env\Lib\site-packages\django\core\handlers\base.py", line 197, in _get_response
    response = wrapped_callback(request, *callback_args, **callback_kwargs)
               ^^^^^^^^^^^^^^^^^^^^^^^^^^^^^^^^^^^^^^^^^^^^^^^^^^^^^^^^^^^^
  File "C:\Users\Geral\Desktop\Curso de Django\Aula 01\learning_log\learning_logs\views.py", line 17, in pastas
    return render(request, 'learning_logs/projetos.html', context)
           ^^^^^^^^^^^^^^^^^^^^^^^^^^^^^^^^^^^^^^^^^^^^^^^^^^^^^^^
  File "C:\Users\Geral\Desktop\Curso de Django\Aula 01\learning_log\ll_env\Lib\site-packages\django\shortcuts.py", line 25, in render
    content = loader.render_to_string(template_name, context, request, using=using)
              ^^^^^^^^^^^^^^^^^^^^^^^^^^^^^^^^^^^^^^^^^^^^^^^^^^^^^^^^^^^^^^^^^^^^^
  File "C:\Users\Geral\Desktop\Curso de Django\Aula 01\learning_log\ll_env\Lib\site-packages\django\template\loader.py", line 61, in render_to_string
    template = get_template(template_name, using=using)
               ^^^^^^^^^^^^^^^^^^^^^^^^^^^^^^^^^^^^^^^^
  File "C:\Users\Geral\Desktop\Curso de Django\Aula 01\learning_log\ll_env\Lib\site-packages\django\template\loader.py", line 15, in get_template
    return engine.get_template(template_name)
           ^^^^^^^^^^^^^^^^^^^^^^^^^^^^^^^^^^
  File "C:\Users\Geral\Desktop\Curso de Django\Aula 01\learning_log\ll_env\Lib\site-packages\django\template\backends\django.py", line 79, in get_template
    return Template(self.engine.get_template(template_name), self)
                    ^^^^^^^^^^^^^^^^^^^^^^^^^^^^^^^^^^^^^^^
  File "C:\Users\Geral\Desktop\Curso de Django\Aula 01\learning_log\ll_env\Lib\site-packages\django\template\engine.py", line 177, in get_template
    template, origin = self.find_template(template_name)
                       ^^^^^^^^^^^^^^^^^^^^^^^^^^^^^^^^^
  File "C:\Users\Geral\Desktop\Curso de Django\Aula 01\learning_log\ll_env\Lib\site-packages\django\template\engine.py", line 159, in find_template
    template = loader.get_template(name, skip=skip)
               ^^^^^^^^^^^^^^^^^^^^^^^^^^^^^^^^^^^^
  File "C:\Users\Geral\Desktop\Curso de Django\Aula 01\learning_log\ll_env\Lib\site-packages\django\template\loaders\cached.py", line 57, in get_template
    template = super().get_template(template_name, skip)
               ^^^^^^^^^^^^^^^^^^^^^^^^^^^^^^^^^^^^^^^^^
  File "C:\Users\Geral\Desktop\Curso de Django\Aula 01\learning_log\ll_env\Lib\site-packages\django\template\loaders\base.py", line 28, in get_template
    return Template(
           ^^^^^^^^^
  File "C:\Users\Geral\Desktop\Curso de Django\Aula 01\learning_log\ll_env\Lib\site-packages\django\template\base.py", line 154, in __init__
    self.nodelist = self.compile_nodelist()
                    ^^^^^^^^^^^^^^^^^^^^^^^
  File "C:\Users\Geral\Desktop\Curso de Django\Aula 01\learning_log\ll_env\Lib\site-packages\django\template\base.py", line 196, in compile_nodelist
    nodelist = parser.parse()
               ^^^^^^^^^^^^^^
  File "C:\Users\Geral\Desktop\Curso de Django\Aula 01\learning_log\ll_env\Lib\site-packages\django\template\base.py", line 489, in parse
    raise self.error(token, e)
  File "C:\Users\Geral\Desktop\Curso de Django\Aula 01\learning_log\ll_env\Lib\site-packages\django\template\base.py", line 487, in parse
    filter_expression = self.compile_filter(token.contents)
                        ^^^^^^^^^^^^^^^^^^^^^^^^^^^^^^^^^^^
  File "C:\Users\Geral\Desktop\Curso de Django\Aula 01\learning_log\ll_env\Lib\site-packages\django\template\base.py", line 605, in compile_filter
    return FilterExpression(token, self)
           ^^^^^^^^^^^^^^^^^^^^^^^^^^^^^
  File "C:\Users\Geral\Desktop\Curso de Django\Aula 01\learning_log\ll_env\Lib\site-packages\django\template\base.py", line 706, in __init__
    raise TemplateSyntaxError(
django.template.exceptions.TemplateSyntaxError: Could not parse the remainder: '% block content %' from '% block content %'
WARNING:django.request:Not Found: /favicon.ico
ERROR:django.request:Internal Server Error: /projetos
Traceback (most recent call last):
  File "C:\Users\Geral\Desktop\Curso de Django\Aula 01\learning_log\ll_env\Lib\site-packages\django\core\handlers\exception.py", line 55, in inner
    response = get_response(request)
               ^^^^^^^^^^^^^^^^^^^^^
  File "C:\Users\Geral\Desktop\Curso de Django\Aula 01\learning_log\ll_env\Lib\site-packages\django\core\handlers\base.py", line 197, in _get_response
    response = wrapped_callback(request, *callback_args, **callback_kwargs)
               ^^^^^^^^^^^^^^^^^^^^^^^^^^^^^^^^^^^^^^^^^^^^^^^^^^^^^^^^^^^^
  File "C:\Users\Geral\Desktop\Curso de Django\Aula 01\learning_log\learning_logs\views.py", line 17, in pastas
    return render(request, 'learning_logs/projetos.html', context)
           ^^^^^^^^^^^^^^^^^^^^^^^^^^^^^^^^^^^^^^^^^^^^^^^^^^^^^^^
  File "C:\Users\Geral\Desktop\Curso de Django\Aula 01\learning_log\ll_env\Lib\site-packages\django\shortcuts.py", line 25, in render
    content = loader.render_to_string(template_name, context, request, using=using)
              ^^^^^^^^^^^^^^^^^^^^^^^^^^^^^^^^^^^^^^^^^^^^^^^^^^^^^^^^^^^^^^^^^^^^^
  File "C:\Users\Geral\Desktop\Curso de Django\Aula 01\learning_log\ll_env\Lib\site-packages\django\template\loader.py", line 61, in render_to_string
    template = get_template(template_name, using=using)
               ^^^^^^^^^^^^^^^^^^^^^^^^^^^^^^^^^^^^^^^^
  File "C:\Users\Geral\Desktop\Curso de Django\Aula 01\learning_log\ll_env\Lib\site-packages\django\template\loader.py", line 15, in get_template
    return engine.get_template(template_name)
           ^^^^^^^^^^^^^^^^^^^^^^^^^^^^^^^^^^
  File "C:\Users\Geral\Desktop\Curso de Django\Aula 01\learning_log\ll_env\Lib\site-packages\django\template\backends\django.py", line 79, in get_template
    return Template(self.engine.get_template(template_name), self)
                    ^^^^^^^^^^^^^^^^^^^^^^^^^^^^^^^^^^^^^^^
  File "C:\Users\Geral\Desktop\Curso de Django\Aula 01\learning_log\ll_env\Lib\site-packages\django\template\engine.py", line 177, in get_template
    template, origin = self.find_template(template_name)
                       ^^^^^^^^^^^^^^^^^^^^^^^^^^^^^^^^^
  File "C:\Users\Geral\Desktop\Curso de Django\Aula 01\learning_log\ll_env\Lib\site-packages\django\template\engine.py", line 159, in find_template
    template = loader.get_template(name, skip=skip)
               ^^^^^^^^^^^^^^^^^^^^^^^^^^^^^^^^^^^^
  File "C:\Users\Geral\Desktop\Curso de Django\Aula 01\learning_log\ll_env\Lib\site-packages\django\template\loaders\cached.py", line 57, in get_template
    template = super().get_template(template_name, skip)
               ^^^^^^^^^^^^^^^^^^^^^^^^^^^^^^^^^^^^^^^^^
  File "C:\Users\Geral\Desktop\Curso de Django\Aula 01\learning_log\ll_env\Lib\site-packages\django\template\loaders\base.py", line 28, in get_template
    return Template(
           ^^^^^^^^^
  File "C:\Users\Geral\Desktop\Curso de Django\Aula 01\learning_log\ll_env\Lib\site-packages\django\template\base.py", line 154, in __init__
    self.nodelist = self.compile_nodelist()
                    ^^^^^^^^^^^^^^^^^^^^^^^
  File "C:\Users\Geral\Desktop\Curso de Django\Aula 01\learning_log\ll_env\Lib\site-packages\django\template\base.py", line 196, in compile_nodelist
    nodelist = parser.parse()
               ^^^^^^^^^^^^^^
  File "C:\Users\Geral\Desktop\Curso de Django\Aula 01\learning_log\ll_env\Lib\site-packages\django\template\base.py", line 518, in parse
    raise self.error(token, e)
  File "C:\Users\Geral\Desktop\Curso de Django\Aula 01\learning_log\ll_env\Lib\site-packages\django\template\base.py", line 516, in parse
    compiled_result = compile_func(self, token)
                      ^^^^^^^^^^^^^^^^^^^^^^^^^
  File "C:\Users\Geral\Desktop\Curso de Django\Aula 01\learning_log\ll_env\Lib\site-packages\django\template\loader_tags.py", line 234, in do_block
    nodelist = parser.parse(("endblock",))
               ^^^^^^^^^^^^^^^^^^^^^^^^^^^
  File "C:\Users\Geral\Desktop\Curso de Django\Aula 01\learning_log\ll_env\Lib\site-packages\django\template\base.py", line 518, in parse
    raise self.error(token, e)
  File "C:\Users\Geral\Desktop\Curso de Django\Aula 01\learning_log\ll_env\Lib\site-packages\django\template\base.py", line 516, in parse
    compiled_result = compile_func(self, token)
                      ^^^^^^^^^^^^^^^^^^^^^^^^^
  File "C:\Users\Geral\Desktop\Curso de Django\Aula 01\learning_log\ll_env\Lib\site-packages\django\template\defaulttags.py", line 862, in do_for
    nodelist_loop = parser.parse(
                    ^^^^^^^^^^^^^
  File "C:\Users\Geral\Desktop\Curso de Django\Aula 01\learning_log\ll_env\Lib\site-packages\django\template\base.py", line 489, in parse
    raise self.error(token, e)
  File "C:\Users\Geral\Desktop\Curso de Django\Aula 01\learning_log\ll_env\Lib\site-packages\django\template\base.py", line 487, in parse
    filter_expression = self.compile_filter(token.contents)
                        ^^^^^^^^^^^^^^^^^^^^^^^^^^^^^^^^^^^
  File "C:\Users\Geral\Desktop\Curso de Django\Aula 01\learning_log\ll_env\Lib\site-packages\django\template\base.py", line 605, in compile_filter
    return FilterExpression(token, self)
           ^^^^^^^^^^^^^^^^^^^^^^^^^^^^^
  File "C:\Users\Geral\Desktop\Curso de Django\Aula 01\learning_log\ll_env\Lib\site-packages\django\template\base.py", line 706, in __init__
    raise TemplateSyntaxError(
django.template.exceptions.TemplateSyntaxError: Could not parse the remainder: ', BDprojetos.idProjeto' from 'BDprojetos, BDprojetos.idProjeto'
INFO:django.utils.autoreload:C:\Users\Geral\Desktop\Curso de Django\Aula 01\learning_log\learning_logs\urls.py changed, reloading.
INFO:django.utils.autoreload:C:\Users\Geral\Desktop\Curso de Django\Aula 01\learning_log\learning_logs\urls.py changed, reloading.
INFO:django.utils.autoreload:C:\Users\Geral\Desktop\Curso de Django\Aula 01\learning_log\learning_logs\urls.py changed, reloading.
INFO:django.utils.autoreload:C:\Users\Geral\Desktop\Curso de Django\Aula 01\learning_log\learning_logs\views.py changed, reloading.
INFO:django.utils.autoreload:C:\Users\Geral\Desktop\Curso de Django\Aula 01\learning_log\learning_logs\views.py changed, reloading.
INFO:django.utils.autoreload:C:\Users\Geral\Desktop\Curso de Django\Aula 01\learning_log\learning_logs\views.py changed, reloading.
INFO:django.utils.autoreload:C:\Users\Geral\Desktop\Curso de Django\Aula 01\learning_log\learning_logs\views.py changed, reloading.
INFO:django.utils.autoreload:C:\Users\Geral\Desktop\Curso de Django\Aula 01\learning_log\learning_logs\utils.py changed, reloading.
INFO:django.utils.autoreload:C:\Users\Geral\Desktop\Curso de Django\Aula 01\learning_log\learning_logs\utils.py changed, reloading.
INFO:django.utils.autoreload:C:\Users\Geral\Desktop\Curso de Django\Aula 01\learning_log\learning_logs\utils.py changed, reloading.
INFO:django.utils.autoreload:C:\Users\Geral\Desktop\Curso de Django\Aula 01\learning_log\learning_logs\utils.py changed, reloading.
ERROR:root:Erro ao listar pastas: [Errno 2] No such file or directory: 'C:/Users/gabri/Desktop/Curso de Django/Aula 01/learning_log/credentials/uploadcontratos-442920-8e111876b414.json'
WARNING:django.request:Not Found: /favicon.ico
INFO:django.utils.autoreload:C:\Users\Geral\Desktop\Curso de Django\Aula 01\learning_log\learning_logs\utils.py changed, reloading.
INFO:django.utils.autoreload:C:\Users\Geral\Desktop\Curso de Django\Aula 01\learning_log\learning_log\settings.py changed, reloading.
ERROR:django.request:Internal Server Error: /salvar_ids/
Traceback (most recent call last):
  File "C:\Users\Geral\Desktop\Curso de Django\Aula 01\learning_log\ll_env\Lib\site-packages\django\core\handlers\exception.py", line 55, in inner
    response = get_response(request)
               ^^^^^^^^^^^^^^^^^^^^^
  File "C:\Users\Geral\Desktop\Curso de Django\Aula 01\learning_log\ll_env\Lib\site-packages\django\core\handlers\base.py", line 197, in _get_response
    response = wrapped_callback(request, *callback_args, **callback_kwargs)
               ^^^^^^^^^^^^^^^^^^^^^^^^^^^^^^^^^^^^^^^^^^^^^^^^^^^^^^^^^^^^
  File "C:\Users\Geral\Desktop\Curso de Django\Aula 01\learning_log\learning_logs\views.py", line 35, in salvar_ids
    return render(request, 'learning_logs/salvar_ids.html', {'pastas': resultado,'id_array': array_id})
           ^^^^^^^^^^^^^^^^^^^^^^^^^^^^^^^^^^^^^^^^^^^^^^^^^^^^^^^^^^^^^^^^^^^^^^^^^^^^^^^^^^^^^^^^^^^^
  File "C:\Users\Geral\Desktop\Curso de Django\Aula 01\learning_log\ll_env\Lib\site-packages\django\shortcuts.py", line 25, in render
    content = loader.render_to_string(template_name, context, request, using=using)
              ^^^^^^^^^^^^^^^^^^^^^^^^^^^^^^^^^^^^^^^^^^^^^^^^^^^^^^^^^^^^^^^^^^^^^
  File "C:\Users\Geral\Desktop\Curso de Django\Aula 01\learning_log\ll_env\Lib\site-packages\django\template\loader.py", line 62, in render_to_string
    return template.render(context, request)
           ^^^^^^^^^^^^^^^^^^^^^^^^^^^^^^^^^
  File "C:\Users\Geral\Desktop\Curso de Django\Aula 01\learning_log\ll_env\Lib\site-packages\django\template\backends\django.py", line 107, in render
    return self.template.render(context)
           ^^^^^^^^^^^^^^^^^^^^^^^^^^^^^
  File "C:\Users\Geral\Desktop\Curso de Django\Aula 01\learning_log\ll_env\Lib\site-packages\django\template\base.py", line 171, in render
    return self._render(context)
           ^^^^^^^^^^^^^^^^^^^^^
  File "C:\Users\Geral\Desktop\Curso de Django\Aula 01\learning_log\ll_env\Lib\site-packages\django\template\base.py", line 163, in _render
    return self.nodelist.render(context)
           ^^^^^^^^^^^^^^^^^^^^^^^^^^^^^
  File "C:\Users\Geral\Desktop\Curso de Django\Aula 01\learning_log\ll_env\Lib\site-packages\django\template\base.py", line 1008, in render
    return SafeString("".join([node.render_annotated(context) for node in self]))
                               ^^^^^^^^^^^^^^^^^^^^^^^^^^^^^^
  File "C:\Users\Geral\Desktop\Curso de Django\Aula 01\learning_log\ll_env\Lib\site-packages\django\template\base.py", line 969, in render_annotated
    return self.render(context)
           ^^^^^^^^^^^^^^^^^^^^
  File "C:\Users\Geral\Desktop\Curso de Django\Aula 01\learning_log\ll_env\Lib\site-packages\django\template\defaulttags.py", line 480, in render
    url = reverse(view_name, args=args, kwargs=kwargs, current_app=current_app)
          ^^^^^^^^^^^^^^^^^^^^^^^^^^^^^^^^^^^^^^^^^^^^^^^^^^^^^^^^^^^^^^^^^^^^^
  File "C:\Users\Geral\Desktop\Curso de Django\Aula 01\learning_log\ll_env\Lib\site-packages\django\urls\base.py", line 88, in reverse
    return resolver._reverse_with_prefix(view, prefix, *args, **kwargs)
           ^^^^^^^^^^^^^^^^^^^^^^^^^^^^^^^^^^^^^^^^^^^^^^^^^^^^^^^^^^^^
  File "C:\Users\Geral\Desktop\Curso de Django\Aula 01\learning_log\ll_env\Lib\site-packages\django\urls\resolvers.py", line 831, in _reverse_with_prefix
    raise NoReverseMatch(msg)
django.urls.exceptions.NoReverseMatch: Reverse for 'subir_arquivo' not found. 'subir_arquivo' is not a valid view function or pattern name.
INFO:django.utils.autoreload:C:\Users\Geral\Desktop\Curso de Django\Aula 01\learning_log\learning_logs\views.py changed, reloading.
INFO:django.utils.autoreload:C:\Users\Geral\Desktop\Curso de Django\Aula 01\learning_log\learning_logs\views.py changed, reloading.
ERROR:django.request:Internal Server Error: /salvar_ids/
Traceback (most recent call last):
  File "C:\Users\Geral\Desktop\Curso de Django\Aula 01\learning_log\ll_env\Lib\site-packages\django\core\handlers\exception.py", line 55, in inner
    response = get_response(request)
               ^^^^^^^^^^^^^^^^^^^^^
  File "C:\Users\Geral\Desktop\Curso de Django\Aula 01\learning_log\ll_env\Lib\site-packages\django\core\handlers\base.py", line 197, in _get_response
    response = wrapped_callback(request, *callback_args, **callback_kwargs)
               ^^^^^^^^^^^^^^^^^^^^^^^^^^^^^^^^^^^^^^^^^^^^^^^^^^^^^^^^^^^^
  File "C:\Users\Geral\Desktop\Curso de Django\Aula 01\learning_log\learning_logs\views.py", line 35, in salvar_ids
    return render(request, 'learning_logs/salvar_ids.html', {'pastas': resultado,'id_array': array_id})
           ^^^^^^^^^^^^^^^^^^^^^^^^^^^^^^^^^^^^^^^^^^^^^^^^^^^^^^^^^^^^^^^^^^^^^^^^^^^^^^^^^^^^^^^^^^^^
  File "C:\Users\Geral\Desktop\Curso de Django\Aula 01\learning_log\ll_env\Lib\site-packages\django\shortcuts.py", line 25, in render
    content = loader.render_to_string(template_name, context, request, using=using)
              ^^^^^^^^^^^^^^^^^^^^^^^^^^^^^^^^^^^^^^^^^^^^^^^^^^^^^^^^^^^^^^^^^^^^^
  File "C:\Users\Geral\Desktop\Curso de Django\Aula 01\learning_log\ll_env\Lib\site-packages\django\template\loader.py", line 62, in render_to_string
    return template.render(context, request)
           ^^^^^^^^^^^^^^^^^^^^^^^^^^^^^^^^^
  File "C:\Users\Geral\Desktop\Curso de Django\Aula 01\learning_log\ll_env\Lib\site-packages\django\template\backends\django.py", line 107, in render
    return self.template.render(context)
           ^^^^^^^^^^^^^^^^^^^^^^^^^^^^^
  File "C:\Users\Geral\Desktop\Curso de Django\Aula 01\learning_log\ll_env\Lib\site-packages\django\template\base.py", line 171, in render
    return self._render(context)
           ^^^^^^^^^^^^^^^^^^^^^
  File "C:\Users\Geral\Desktop\Curso de Django\Aula 01\learning_log\ll_env\Lib\site-packages\django\template\base.py", line 163, in _render
    return self.nodelist.render(context)
           ^^^^^^^^^^^^^^^^^^^^^^^^^^^^^
  File "C:\Users\Geral\Desktop\Curso de Django\Aula 01\learning_log\ll_env\Lib\site-packages\django\template\base.py", line 1008, in render
    return SafeString("".join([node.render_annotated(context) for node in self]))
                               ^^^^^^^^^^^^^^^^^^^^^^^^^^^^^^
  File "C:\Users\Geral\Desktop\Curso de Django\Aula 01\learning_log\ll_env\Lib\site-packages\django\template\base.py", line 969, in render_annotated
    return self.render(context)
           ^^^^^^^^^^^^^^^^^^^^
  File "C:\Users\Geral\Desktop\Curso de Django\Aula 01\learning_log\ll_env\Lib\site-packages\django\template\defaulttags.py", line 480, in render
    url = reverse(view_name, args=args, kwargs=kwargs, current_app=current_app)
          ^^^^^^^^^^^^^^^^^^^^^^^^^^^^^^^^^^^^^^^^^^^^^^^^^^^^^^^^^^^^^^^^^^^^^
  File "C:\Users\Geral\Desktop\Curso de Django\Aula 01\learning_log\ll_env\Lib\site-packages\django\urls\base.py", line 88, in reverse
    return resolver._reverse_with_prefix(view, prefix, *args, **kwargs)
           ^^^^^^^^^^^^^^^^^^^^^^^^^^^^^^^^^^^^^^^^^^^^^^^^^^^^^^^^^^^^
  File "C:\Users\Geral\Desktop\Curso de Django\Aula 01\learning_log\ll_env\Lib\site-packages\django\urls\resolvers.py", line 831, in _reverse_with_prefix
    raise NoReverseMatch(msg)
django.urls.exceptions.NoReverseMatch: Reverse for 'subir_arquivo' not found. 'subir_arquivo' is not a valid view function or pattern name.
ERROR:django.request:Internal Server Error: /salvar_ids/
Traceback (most recent call last):
  File "C:\Users\Geral\Desktop\Curso de Django\Aula 01\learning_log\ll_env\Lib\site-packages\django\core\handlers\exception.py", line 55, in inner
    response = get_response(request)
               ^^^^^^^^^^^^^^^^^^^^^
  File "C:\Users\Geral\Desktop\Curso de Django\Aula 01\learning_log\ll_env\Lib\site-packages\django\core\handlers\base.py", line 197, in _get_response
    response = wrapped_callback(request, *callback_args, **callback_kwargs)
               ^^^^^^^^^^^^^^^^^^^^^^^^^^^^^^^^^^^^^^^^^^^^^^^^^^^^^^^^^^^^
  File "C:\Users\Geral\Desktop\Curso de Django\Aula 01\learning_log\learning_logs\views.py", line 35, in salvar_ids
    return render(request, 'learning_logs/salvar_ids.html', {'pastas': resultado,'id_array': array_id})
           ^^^^^^^^^^^^^^^^^^^^^^^^^^^^^^^^^^^^^^^^^^^^^^^^^^^^^^^^^^^^^^^^^^^^^^^^^^^^^^^^^^^^^^^^^^^^
  File "C:\Users\Geral\Desktop\Curso de Django\Aula 01\learning_log\ll_env\Lib\site-packages\django\shortcuts.py", line 25, in render
    content = loader.render_to_string(template_name, context, request, using=using)
              ^^^^^^^^^^^^^^^^^^^^^^^^^^^^^^^^^^^^^^^^^^^^^^^^^^^^^^^^^^^^^^^^^^^^^
  File "C:\Users\Geral\Desktop\Curso de Django\Aula 01\learning_log\ll_env\Lib\site-packages\django\template\loader.py", line 62, in render_to_string
    return template.render(context, request)
           ^^^^^^^^^^^^^^^^^^^^^^^^^^^^^^^^^
  File "C:\Users\Geral\Desktop\Curso de Django\Aula 01\learning_log\ll_env\Lib\site-packages\django\template\backends\django.py", line 107, in render
    return self.template.render(context)
           ^^^^^^^^^^^^^^^^^^^^^^^^^^^^^
  File "C:\Users\Geral\Desktop\Curso de Django\Aula 01\learning_log\ll_env\Lib\site-packages\django\template\base.py", line 171, in render
    return self._render(context)
           ^^^^^^^^^^^^^^^^^^^^^
  File "C:\Users\Geral\Desktop\Curso de Django\Aula 01\learning_log\ll_env\Lib\site-packages\django\template\base.py", line 163, in _render
    return self.nodelist.render(context)
           ^^^^^^^^^^^^^^^^^^^^^^^^^^^^^
  File "C:\Users\Geral\Desktop\Curso de Django\Aula 01\learning_log\ll_env\Lib\site-packages\django\template\base.py", line 1008, in render
    return SafeString("".join([node.render_annotated(context) for node in self]))
                               ^^^^^^^^^^^^^^^^^^^^^^^^^^^^^^
  File "C:\Users\Geral\Desktop\Curso de Django\Aula 01\learning_log\ll_env\Lib\site-packages\django\template\base.py", line 969, in render_annotated
    return self.render(context)
           ^^^^^^^^^^^^^^^^^^^^
  File "C:\Users\Geral\Desktop\Curso de Django\Aula 01\learning_log\ll_env\Lib\site-packages\django\template\defaulttags.py", line 480, in render
    url = reverse(view_name, args=args, kwargs=kwargs, current_app=current_app)
          ^^^^^^^^^^^^^^^^^^^^^^^^^^^^^^^^^^^^^^^^^^^^^^^^^^^^^^^^^^^^^^^^^^^^^
  File "C:\Users\Geral\Desktop\Curso de Django\Aula 01\learning_log\ll_env\Lib\site-packages\django\urls\base.py", line 88, in reverse
    return resolver._reverse_with_prefix(view, prefix, *args, **kwargs)
           ^^^^^^^^^^^^^^^^^^^^^^^^^^^^^^^^^^^^^^^^^^^^^^^^^^^^^^^^^^^^
  File "C:\Users\Geral\Desktop\Curso de Django\Aula 01\learning_log\ll_env\Lib\site-packages\django\urls\resolvers.py", line 831, in _reverse_with_prefix
    raise NoReverseMatch(msg)
django.urls.exceptions.NoReverseMatch: Reverse for 'subir_arquivo' not found. 'subir_arquivo' is not a valid view function or pattern name.
ERROR:django.request:Internal Server Error: /salvar_ids/
Traceback (most recent call last):
  File "C:\Users\Geral\Desktop\Curso de Django\Aula 01\learning_log\ll_env\Lib\site-packages\django\core\handlers\exception.py", line 55, in inner
    response = get_response(request)
               ^^^^^^^^^^^^^^^^^^^^^
  File "C:\Users\Geral\Desktop\Curso de Django\Aula 01\learning_log\ll_env\Lib\site-packages\django\core\handlers\base.py", line 197, in _get_response
    response = wrapped_callback(request, *callback_args, **callback_kwargs)
               ^^^^^^^^^^^^^^^^^^^^^^^^^^^^^^^^^^^^^^^^^^^^^^^^^^^^^^^^^^^^
  File "C:\Users\Geral\Desktop\Curso de Django\Aula 01\learning_log\learning_logs\views.py", line 35, in salvar_ids
    return render(request, 'learning_logs/salvar_ids.html', {'pastas': resultado,'id_array': array_id})
           ^^^^^^^^^^^^^^^^^^^^^^^^^^^^^^^^^^^^^^^^^^^^^^^^^^^^^^^^^^^^^^^^^^^^^^^^^^^^^^^^^^^^^^^^^^^^
  File "C:\Users\Geral\Desktop\Curso de Django\Aula 01\learning_log\ll_env\Lib\site-packages\django\shortcuts.py", line 25, in render
    content = loader.render_to_string(template_name, context, request, using=using)
              ^^^^^^^^^^^^^^^^^^^^^^^^^^^^^^^^^^^^^^^^^^^^^^^^^^^^^^^^^^^^^^^^^^^^^
  File "C:\Users\Geral\Desktop\Curso de Django\Aula 01\learning_log\ll_env\Lib\site-packages\django\template\loader.py", line 62, in render_to_string
    return template.render(context, request)
           ^^^^^^^^^^^^^^^^^^^^^^^^^^^^^^^^^
  File "C:\Users\Geral\Desktop\Curso de Django\Aula 01\learning_log\ll_env\Lib\site-packages\django\template\backends\django.py", line 107, in render
    return self.template.render(context)
           ^^^^^^^^^^^^^^^^^^^^^^^^^^^^^
  File "C:\Users\Geral\Desktop\Curso de Django\Aula 01\learning_log\ll_env\Lib\site-packages\django\template\base.py", line 171, in render
    return self._render(context)
           ^^^^^^^^^^^^^^^^^^^^^
  File "C:\Users\Geral\Desktop\Curso de Django\Aula 01\learning_log\ll_env\Lib\site-packages\django\template\base.py", line 163, in _render
    return self.nodelist.render(context)
           ^^^^^^^^^^^^^^^^^^^^^^^^^^^^^
  File "C:\Users\Geral\Desktop\Curso de Django\Aula 01\learning_log\ll_env\Lib\site-packages\django\template\base.py", line 1008, in render
    return SafeString("".join([node.render_annotated(context) for node in self]))
                               ^^^^^^^^^^^^^^^^^^^^^^^^^^^^^^
  File "C:\Users\Geral\Desktop\Curso de Django\Aula 01\learning_log\ll_env\Lib\site-packages\django\template\base.py", line 969, in render_annotated
    return self.render(context)
           ^^^^^^^^^^^^^^^^^^^^
  File "C:\Users\Geral\Desktop\Curso de Django\Aula 01\learning_log\ll_env\Lib\site-packages\django\template\defaulttags.py", line 480, in render
    url = reverse(view_name, args=args, kwargs=kwargs, current_app=current_app)
          ^^^^^^^^^^^^^^^^^^^^^^^^^^^^^^^^^^^^^^^^^^^^^^^^^^^^^^^^^^^^^^^^^^^^^
  File "C:\Users\Geral\Desktop\Curso de Django\Aula 01\learning_log\ll_env\Lib\site-packages\django\urls\base.py", line 88, in reverse
    return resolver._reverse_with_prefix(view, prefix, *args, **kwargs)
           ^^^^^^^^^^^^^^^^^^^^^^^^^^^^^^^^^^^^^^^^^^^^^^^^^^^^^^^^^^^^
  File "C:\Users\Geral\Desktop\Curso de Django\Aula 01\learning_log\ll_env\Lib\site-packages\django\urls\resolvers.py", line 831, in _reverse_with_prefix
    raise NoReverseMatch(msg)
django.urls.exceptions.NoReverseMatch: Reverse for 'subir_arquivo' not found. 'subir_arquivo' is not a valid view function or pattern name.
INFO:django.utils.autoreload:C:\Users\Geral\Desktop\Curso de Django\Aula 01\learning_log\learning_logs\urls.py changed, reloading.
ERROR:django.request:Internal Server Error: /salvar_ids/
Traceback (most recent call last):
  File "C:\Users\Geral\Desktop\Curso de Django\Aula 01\learning_log\ll_env\Lib\site-packages\django\core\handlers\exception.py", line 55, in inner
    response = get_response(request)
               ^^^^^^^^^^^^^^^^^^^^^
  File "C:\Users\Geral\Desktop\Curso de Django\Aula 01\learning_log\ll_env\Lib\site-packages\django\core\handlers\base.py", line 197, in _get_response
    response = wrapped_callback(request, *callback_args, **callback_kwargs)
               ^^^^^^^^^^^^^^^^^^^^^^^^^^^^^^^^^^^^^^^^^^^^^^^^^^^^^^^^^^^^
  File "C:\Users\Geral\Desktop\Curso de Django\Aula 01\learning_log\learning_logs\views.py", line 35, in salvar_ids
    return render(request, 'learning_logs/salvar_ids.html', {'pastas': resultado,'id_array': array_id})
           ^^^^^^^^^^^^^^^^^^^^^^^^^^^^^^^^^^^^^^^^^^^^^^^^^^^^^^^^^^^^^^^^^^^^^^^^^^^^^^^^^^^^^^^^^^^^
  File "C:\Users\Geral\Desktop\Curso de Django\Aula 01\learning_log\ll_env\Lib\site-packages\django\shortcuts.py", line 25, in render
    content = loader.render_to_string(template_name, context, request, using=using)
              ^^^^^^^^^^^^^^^^^^^^^^^^^^^^^^^^^^^^^^^^^^^^^^^^^^^^^^^^^^^^^^^^^^^^^
  File "C:\Users\Geral\Desktop\Curso de Django\Aula 01\learning_log\ll_env\Lib\site-packages\django\template\loader.py", line 62, in render_to_string
    return template.render(context, request)
           ^^^^^^^^^^^^^^^^^^^^^^^^^^^^^^^^^
  File "C:\Users\Geral\Desktop\Curso de Django\Aula 01\learning_log\ll_env\Lib\site-packages\django\template\backends\django.py", line 107, in render
    return self.template.render(context)
           ^^^^^^^^^^^^^^^^^^^^^^^^^^^^^
  File "C:\Users\Geral\Desktop\Curso de Django\Aula 01\learning_log\ll_env\Lib\site-packages\django\template\base.py", line 171, in render
    return self._render(context)
           ^^^^^^^^^^^^^^^^^^^^^
  File "C:\Users\Geral\Desktop\Curso de Django\Aula 01\learning_log\ll_env\Lib\site-packages\django\template\base.py", line 163, in _render
    return self.nodelist.render(context)
           ^^^^^^^^^^^^^^^^^^^^^^^^^^^^^
  File "C:\Users\Geral\Desktop\Curso de Django\Aula 01\learning_log\ll_env\Lib\site-packages\django\template\base.py", line 1008, in render
    return SafeString("".join([node.render_annotated(context) for node in self]))
                               ^^^^^^^^^^^^^^^^^^^^^^^^^^^^^^
  File "C:\Users\Geral\Desktop\Curso de Django\Aula 01\learning_log\ll_env\Lib\site-packages\django\template\base.py", line 969, in render_annotated
    return self.render(context)
           ^^^^^^^^^^^^^^^^^^^^
  File "C:\Users\Geral\Desktop\Curso de Django\Aula 01\learning_log\ll_env\Lib\site-packages\django\template\defaulttags.py", line 480, in render
    url = reverse(view_name, args=args, kwargs=kwargs, current_app=current_app)
          ^^^^^^^^^^^^^^^^^^^^^^^^^^^^^^^^^^^^^^^^^^^^^^^^^^^^^^^^^^^^^^^^^^^^^
  File "C:\Users\Geral\Desktop\Curso de Django\Aula 01\learning_log\ll_env\Lib\site-packages\django\urls\base.py", line 88, in reverse
    return resolver._reverse_with_prefix(view, prefix, *args, **kwargs)
           ^^^^^^^^^^^^^^^^^^^^^^^^^^^^^^^^^^^^^^^^^^^^^^^^^^^^^^^^^^^^
  File "C:\Users\Geral\Desktop\Curso de Django\Aula 01\learning_log\ll_env\Lib\site-packages\django\urls\resolvers.py", line 831, in _reverse_with_prefix
    raise NoReverseMatch(msg)
django.urls.exceptions.NoReverseMatch: Reverse for 'subir_arquivo' not found. 'subir_arquivo' is not a valid view function or pattern name.
ERROR:django.request:Internal Server Error: /salvar_ids/
Traceback (most recent call last):
  File "C:\Users\Geral\Desktop\Curso de Django\Aula 01\learning_log\ll_env\Lib\site-packages\django\core\handlers\exception.py", line 55, in inner
    response = get_response(request)
               ^^^^^^^^^^^^^^^^^^^^^
  File "C:\Users\Geral\Desktop\Curso de Django\Aula 01\learning_log\ll_env\Lib\site-packages\django\core\handlers\base.py", line 197, in _get_response
    response = wrapped_callback(request, *callback_args, **callback_kwargs)
               ^^^^^^^^^^^^^^^^^^^^^^^^^^^^^^^^^^^^^^^^^^^^^^^^^^^^^^^^^^^^
  File "C:\Users\Geral\Desktop\Curso de Django\Aula 01\learning_log\learning_logs\views.py", line 35, in salvar_ids
    return render(request, 'learning_logs/salvar_ids.html', {'pastas': resultado,'id_array': array_id})
           ^^^^^^^^^^^^^^^^^^^^^^^^^^^^^^^^^^^^^^^^^^^^^^^^^^^^^^^^^^^^^^^^^^^^^^^^^^^^^^^^^^^^^^^^^^^^
  File "C:\Users\Geral\Desktop\Curso de Django\Aula 01\learning_log\ll_env\Lib\site-packages\django\shortcuts.py", line 25, in render
    content = loader.render_to_string(template_name, context, request, using=using)
              ^^^^^^^^^^^^^^^^^^^^^^^^^^^^^^^^^^^^^^^^^^^^^^^^^^^^^^^^^^^^^^^^^^^^^
  File "C:\Users\Geral\Desktop\Curso de Django\Aula 01\learning_log\ll_env\Lib\site-packages\django\template\loader.py", line 62, in render_to_string
    return template.render(context, request)
           ^^^^^^^^^^^^^^^^^^^^^^^^^^^^^^^^^
  File "C:\Users\Geral\Desktop\Curso de Django\Aula 01\learning_log\ll_env\Lib\site-packages\django\template\backends\django.py", line 107, in render
    return self.template.render(context)
           ^^^^^^^^^^^^^^^^^^^^^^^^^^^^^
  File "C:\Users\Geral\Desktop\Curso de Django\Aula 01\learning_log\ll_env\Lib\site-packages\django\template\base.py", line 171, in render
    return self._render(context)
           ^^^^^^^^^^^^^^^^^^^^^
  File "C:\Users\Geral\Desktop\Curso de Django\Aula 01\learning_log\ll_env\Lib\site-packages\django\template\base.py", line 163, in _render
    return self.nodelist.render(context)
           ^^^^^^^^^^^^^^^^^^^^^^^^^^^^^
  File "C:\Users\Geral\Desktop\Curso de Django\Aula 01\learning_log\ll_env\Lib\site-packages\django\template\base.py", line 1008, in render
    return SafeString("".join([node.render_annotated(context) for node in self]))
                               ^^^^^^^^^^^^^^^^^^^^^^^^^^^^^^
  File "C:\Users\Geral\Desktop\Curso de Django\Aula 01\learning_log\ll_env\Lib\site-packages\django\template\base.py", line 969, in render_annotated
    return self.render(context)
           ^^^^^^^^^^^^^^^^^^^^
  File "C:\Users\Geral\Desktop\Curso de Django\Aula 01\learning_log\ll_env\Lib\site-packages\django\template\defaulttags.py", line 480, in render
    url = reverse(view_name, args=args, kwargs=kwargs, current_app=current_app)
          ^^^^^^^^^^^^^^^^^^^^^^^^^^^^^^^^^^^^^^^^^^^^^^^^^^^^^^^^^^^^^^^^^^^^^
  File "C:\Users\Geral\Desktop\Curso de Django\Aula 01\learning_log\ll_env\Lib\site-packages\django\urls\base.py", line 88, in reverse
    return resolver._reverse_with_prefix(view, prefix, *args, **kwargs)
           ^^^^^^^^^^^^^^^^^^^^^^^^^^^^^^^^^^^^^^^^^^^^^^^^^^^^^^^^^^^^
  File "C:\Users\Geral\Desktop\Curso de Django\Aula 01\learning_log\ll_env\Lib\site-packages\django\urls\resolvers.py", line 831, in _reverse_with_prefix
    raise NoReverseMatch(msg)
django.urls.exceptions.NoReverseMatch: Reverse for 'subir_arquivo' not found. 'subir_arquivo' is not a valid view function or pattern name.
ERROR:django.request:Internal Server Error: /subir_arquivo/
Traceback (most recent call last):
  File "C:\Users\Geral\Desktop\Curso de Django\Aula 01\learning_log\ll_env\Lib\site-packages\django\core\handlers\exception.py", line 55, in inner
    response = get_response(request)
               ^^^^^^^^^^^^^^^^^^^^^
  File "C:\Users\Geral\Desktop\Curso de Django\Aula 01\learning_log\ll_env\Lib\site-packages\django\core\handlers\base.py", line 197, in _get_response
    response = wrapped_callback(request, *callback_args, **callback_kwargs)
               ^^^^^^^^^^^^^^^^^^^^^^^^^^^^^^^^^^^^^^^^^^^^^^^^^^^^^^^^^^^^
  File "C:\Users\Geral\Desktop\Curso de Django\Aula 01\learning_log\learning_logs\views.py", line 35, in salvar_ids
    return render(request, 'learning_logs/salvar_ids.html', {'pastas': resultado,'id_array': array_id})
           ^^^^^^^^^^^^^^^^^^^^^^^^^^^^^^^^^^^^^^^^^^^^^^^^^^^^^^^^^^^^^^^^^^^^^^^^^^^^^^^^^^^^^^^^^^^^
  File "C:\Users\Geral\Desktop\Curso de Django\Aula 01\learning_log\ll_env\Lib\site-packages\django\shortcuts.py", line 25, in render
    content = loader.render_to_string(template_name, context, request, using=using)
              ^^^^^^^^^^^^^^^^^^^^^^^^^^^^^^^^^^^^^^^^^^^^^^^^^^^^^^^^^^^^^^^^^^^^^
  File "C:\Users\Geral\Desktop\Curso de Django\Aula 01\learning_log\ll_env\Lib\site-packages\django\template\loader.py", line 62, in render_to_string
    return template.render(context, request)
           ^^^^^^^^^^^^^^^^^^^^^^^^^^^^^^^^^
  File "C:\Users\Geral\Desktop\Curso de Django\Aula 01\learning_log\ll_env\Lib\site-packages\django\template\backends\django.py", line 107, in render
    return self.template.render(context)
           ^^^^^^^^^^^^^^^^^^^^^^^^^^^^^
  File "C:\Users\Geral\Desktop\Curso de Django\Aula 01\learning_log\ll_env\Lib\site-packages\django\template\base.py", line 171, in render
    return self._render(context)
           ^^^^^^^^^^^^^^^^^^^^^
  File "C:\Users\Geral\Desktop\Curso de Django\Aula 01\learning_log\ll_env\Lib\site-packages\django\template\base.py", line 163, in _render
    return self.nodelist.render(context)
           ^^^^^^^^^^^^^^^^^^^^^^^^^^^^^
  File "C:\Users\Geral\Desktop\Curso de Django\Aula 01\learning_log\ll_env\Lib\site-packages\django\template\base.py", line 1008, in render
    return SafeString("".join([node.render_annotated(context) for node in self]))
                               ^^^^^^^^^^^^^^^^^^^^^^^^^^^^^^
  File "C:\Users\Geral\Desktop\Curso de Django\Aula 01\learning_log\ll_env\Lib\site-packages\django\template\base.py", line 969, in render_annotated
    return self.render(context)
           ^^^^^^^^^^^^^^^^^^^^
  File "C:\Users\Geral\Desktop\Curso de Django\Aula 01\learning_log\ll_env\Lib\site-packages\django\template\defaulttags.py", line 480, in render
    url = reverse(view_name, args=args, kwargs=kwargs, current_app=current_app)
          ^^^^^^^^^^^^^^^^^^^^^^^^^^^^^^^^^^^^^^^^^^^^^^^^^^^^^^^^^^^^^^^^^^^^^
  File "C:\Users\Geral\Desktop\Curso de Django\Aula 01\learning_log\ll_env\Lib\site-packages\django\urls\base.py", line 88, in reverse
    return resolver._reverse_with_prefix(view, prefix, *args, **kwargs)
           ^^^^^^^^^^^^^^^^^^^^^^^^^^^^^^^^^^^^^^^^^^^^^^^^^^^^^^^^^^^^
  File "C:\Users\Geral\Desktop\Curso de Django\Aula 01\learning_log\ll_env\Lib\site-packages\django\urls\resolvers.py", line 831, in _reverse_with_prefix
    raise NoReverseMatch(msg)
django.urls.exceptions.NoReverseMatch: Reverse for 'subir_arquivo' not found. 'subir_arquivo' is not a valid view function or pattern name.
ERROR:django.request:Internal Server Error: /subir_arquivo/
Traceback (most recent call last):
  File "C:\Users\Geral\Desktop\Curso de Django\Aula 01\learning_log\ll_env\Lib\site-packages\django\core\handlers\exception.py", line 55, in inner
    response = get_response(request)
               ^^^^^^^^^^^^^^^^^^^^^
  File "C:\Users\Geral\Desktop\Curso de Django\Aula 01\learning_log\ll_env\Lib\site-packages\django\core\handlers\base.py", line 197, in _get_response
    response = wrapped_callback(request, *callback_args, **callback_kwargs)
               ^^^^^^^^^^^^^^^^^^^^^^^^^^^^^^^^^^^^^^^^^^^^^^^^^^^^^^^^^^^^
  File "C:\Users\Geral\Desktop\Curso de Django\Aula 01\learning_log\learning_logs\views.py", line 35, in salvar_ids
    return render(request, 'learning_logs/salvar_ids.html', {'pastas': resultado,'id_array': array_id})
           ^^^^^^^^^^^^^^^^^^^^^^^^^^^^^^^^^^^^^^^^^^^^^^^^^^^^^^^^^^^^^^^^^^^^^^^^^^^^^^^^^^^^^^^^^^^^
  File "C:\Users\Geral\Desktop\Curso de Django\Aula 01\learning_log\ll_env\Lib\site-packages\django\shortcuts.py", line 25, in render
    content = loader.render_to_string(template_name, context, request, using=using)
              ^^^^^^^^^^^^^^^^^^^^^^^^^^^^^^^^^^^^^^^^^^^^^^^^^^^^^^^^^^^^^^^^^^^^^
  File "C:\Users\Geral\Desktop\Curso de Django\Aula 01\learning_log\ll_env\Lib\site-packages\django\template\loader.py", line 62, in render_to_string
    return template.render(context, request)
           ^^^^^^^^^^^^^^^^^^^^^^^^^^^^^^^^^
  File "C:\Users\Geral\Desktop\Curso de Django\Aula 01\learning_log\ll_env\Lib\site-packages\django\template\backends\django.py", line 107, in render
    return self.template.render(context)
           ^^^^^^^^^^^^^^^^^^^^^^^^^^^^^
  File "C:\Users\Geral\Desktop\Curso de Django\Aula 01\learning_log\ll_env\Lib\site-packages\django\template\base.py", line 171, in render
    return self._render(context)
           ^^^^^^^^^^^^^^^^^^^^^
  File "C:\Users\Geral\Desktop\Curso de Django\Aula 01\learning_log\ll_env\Lib\site-packages\django\template\base.py", line 163, in _render
    return self.nodelist.render(context)
           ^^^^^^^^^^^^^^^^^^^^^^^^^^^^^
  File "C:\Users\Geral\Desktop\Curso de Django\Aula 01\learning_log\ll_env\Lib\site-packages\django\template\base.py", line 1008, in render
    return SafeString("".join([node.render_annotated(context) for node in self]))
                               ^^^^^^^^^^^^^^^^^^^^^^^^^^^^^^
  File "C:\Users\Geral\Desktop\Curso de Django\Aula 01\learning_log\ll_env\Lib\site-packages\django\template\base.py", line 969, in render_annotated
    return self.render(context)
           ^^^^^^^^^^^^^^^^^^^^
  File "C:\Users\Geral\Desktop\Curso de Django\Aula 01\learning_log\ll_env\Lib\site-packages\django\template\defaulttags.py", line 480, in render
    url = reverse(view_name, args=args, kwargs=kwargs, current_app=current_app)
          ^^^^^^^^^^^^^^^^^^^^^^^^^^^^^^^^^^^^^^^^^^^^^^^^^^^^^^^^^^^^^^^^^^^^^
  File "C:\Users\Geral\Desktop\Curso de Django\Aula 01\learning_log\ll_env\Lib\site-packages\django\urls\base.py", line 88, in reverse
    return resolver._reverse_with_prefix(view, prefix, *args, **kwargs)
           ^^^^^^^^^^^^^^^^^^^^^^^^^^^^^^^^^^^^^^^^^^^^^^^^^^^^^^^^^^^^
  File "C:\Users\Geral\Desktop\Curso de Django\Aula 01\learning_log\ll_env\Lib\site-packages\django\urls\resolvers.py", line 831, in _reverse_with_prefix
    raise NoReverseMatch(msg)
django.urls.exceptions.NoReverseMatch: Reverse for 'subir_arquivo' not found. 'subir_arquivo' is not a valid view function or pattern name.
INFO:django.utils.autoreload:C:\Users\Geral\Desktop\Curso de Django\Aula 01\learning_log\learning_logs\urls.py changed, reloading.
ERROR:django.request:Internal Server Error: /salvar_ids/
Traceback (most recent call last):
  File "C:\Users\Geral\Desktop\Curso de Django\Aula 01\learning_log\ll_env\Lib\site-packages\django\core\handlers\exception.py", line 55, in inner
    response = get_response(request)
               ^^^^^^^^^^^^^^^^^^^^^
  File "C:\Users\Geral\Desktop\Curso de Django\Aula 01\learning_log\ll_env\Lib\site-packages\django\core\handlers\base.py", line 197, in _get_response
    response = wrapped_callback(request, *callback_args, **callback_kwargs)
               ^^^^^^^^^^^^^^^^^^^^^^^^^^^^^^^^^^^^^^^^^^^^^^^^^^^^^^^^^^^^
  File "C:\Users\Geral\Desktop\Curso de Django\Aula 01\learning_log\learning_logs\views.py", line 35, in salvar_ids
    return render(request, 'learning_logs/salvar_ids.html', {'pastas': resultado,'id_array': array_id})
           ^^^^^^^^^^^^^^^^^^^^^^^^^^^^^^^^^^^^^^^^^^^^^^^^^^^^^^^^^^^^^^^^^^^^^^^^^^^^^^^^^^^^^^^^^^^^
  File "C:\Users\Geral\Desktop\Curso de Django\Aula 01\learning_log\ll_env\Lib\site-packages\django\shortcuts.py", line 25, in render
    content = loader.render_to_string(template_name, context, request, using=using)
              ^^^^^^^^^^^^^^^^^^^^^^^^^^^^^^^^^^^^^^^^^^^^^^^^^^^^^^^^^^^^^^^^^^^^^
  File "C:\Users\Geral\Desktop\Curso de Django\Aula 01\learning_log\ll_env\Lib\site-packages\django\template\loader.py", line 62, in render_to_string
    return template.render(context, request)
           ^^^^^^^^^^^^^^^^^^^^^^^^^^^^^^^^^
  File "C:\Users\Geral\Desktop\Curso de Django\Aula 01\learning_log\ll_env\Lib\site-packages\django\template\backends\django.py", line 107, in render
    return self.template.render(context)
           ^^^^^^^^^^^^^^^^^^^^^^^^^^^^^
  File "C:\Users\Geral\Desktop\Curso de Django\Aula 01\learning_log\ll_env\Lib\site-packages\django\template\base.py", line 171, in render
    return self._render(context)
           ^^^^^^^^^^^^^^^^^^^^^
  File "C:\Users\Geral\Desktop\Curso de Django\Aula 01\learning_log\ll_env\Lib\site-packages\django\template\base.py", line 163, in _render
    return self.nodelist.render(context)
           ^^^^^^^^^^^^^^^^^^^^^^^^^^^^^
  File "C:\Users\Geral\Desktop\Curso de Django\Aula 01\learning_log\ll_env\Lib\site-packages\django\template\base.py", line 1008, in render
    return SafeString("".join([node.render_annotated(context) for node in self]))
                               ^^^^^^^^^^^^^^^^^^^^^^^^^^^^^^
  File "C:\Users\Geral\Desktop\Curso de Django\Aula 01\learning_log\ll_env\Lib\site-packages\django\template\base.py", line 969, in render_annotated
    return self.render(context)
           ^^^^^^^^^^^^^^^^^^^^
  File "C:\Users\Geral\Desktop\Curso de Django\Aula 01\learning_log\ll_env\Lib\site-packages\django\template\defaulttags.py", line 480, in render
    url = reverse(view_name, args=args, kwargs=kwargs, current_app=current_app)
          ^^^^^^^^^^^^^^^^^^^^^^^^^^^^^^^^^^^^^^^^^^^^^^^^^^^^^^^^^^^^^^^^^^^^^
  File "C:\Users\Geral\Desktop\Curso de Django\Aula 01\learning_log\ll_env\Lib\site-packages\django\urls\base.py", line 88, in reverse
    return resolver._reverse_with_prefix(view, prefix, *args, **kwargs)
           ^^^^^^^^^^^^^^^^^^^^^^^^^^^^^^^^^^^^^^^^^^^^^^^^^^^^^^^^^^^^
  File "C:\Users\Geral\Desktop\Curso de Django\Aula 01\learning_log\ll_env\Lib\site-packages\django\urls\resolvers.py", line 831, in _reverse_with_prefix
    raise NoReverseMatch(msg)
django.urls.exceptions.NoReverseMatch: Reverse for 'subir_arquivo' not found. 'subir_arquivo' is not a valid view function or pattern name.
INFO:django.utils.autoreload:C:\Users\Geral\Desktop\Curso de Django\Aula 01\learning_log\learning_logs\urls.py changed, reloading.
WARNING:django.security.csrf:Forbidden (CSRF token missing.): /subir_arquivo/
WARNING:django.security.csrf:Forbidden (CSRF token missing.): /subir_arquivo/
WARNING:django.request:Not Found: /favicon.ico
INFO:django.utils.autoreload:C:\Users\Geral\Desktop\Curso de Django\Aula 01\learning_log\learning_logs\views.py changed, reloading.
WARNING:django.security.csrf:Forbidden (CSRF token missing.): /subir_arquivo/
WARNING:django.security.csrf:Forbidden (CSRF token missing.): /subir_arquivo/
WARNING:django.security.csrf:Forbidden (CSRF token missing.): /subir_arquivo/
INFO:django.utils.autoreload:C:\Users\Geral\Desktop\Curso de Django\Aula 01\learning_log\learning_logs\views.py changed, reloading.
WARNING:django.security.csrf:Forbidden (CSRF token missing.): /subir_arquivo/
ERROR:django.request:Internal Server Error: /subir_arquivo/
Traceback (most recent call last):
  File "C:\Users\Geral\Desktop\Curso de Django\Aula 01\learning_log\ll_env\Lib\site-packages\django\core\handlers\exception.py", line 55, in inner
    response = get_response(request)
               ^^^^^^^^^^^^^^^^^^^^^
  File "C:\Users\Geral\Desktop\Curso de Django\Aula 01\learning_log\ll_env\Lib\site-packages\django\core\handlers\base.py", line 197, in _get_response
    response = wrapped_callback(request, *callback_args, **callback_kwargs)
               ^^^^^^^^^^^^^^^^^^^^^^^^^^^^^^^^^^^^^^^^^^^^^^^^^^^^^^^^^^^^
  File "C:\Users\Geral\Desktop\Curso de Django\Aula 01\learning_log\learning_logs\views.py", line 52, in subir_arquivo
    return render(request, 'learning_logs/subir_arquivos.html', {array_id})
                                                                ^^^^^^^^^^
TypeError: unhashable type: 'list'
ERROR:django.request:Internal Server Error: /subir_arquivo/
Traceback (most recent call last):
  File "C:\Users\Geral\Desktop\Curso de Django\Aula 01\learning_log\ll_env\Lib\site-packages\django\core\handlers\exception.py", line 55, in inner
    response = get_response(request)
               ^^^^^^^^^^^^^^^^^^^^^
  File "C:\Users\Geral\Desktop\Curso de Django\Aula 01\learning_log\ll_env\Lib\site-packages\django\core\handlers\base.py", line 197, in _get_response
    response = wrapped_callback(request, *callback_args, **callback_kwargs)
               ^^^^^^^^^^^^^^^^^^^^^^^^^^^^^^^^^^^^^^^^^^^^^^^^^^^^^^^^^^^^
  File "C:\Users\Geral\Desktop\Curso de Django\Aula 01\learning_log\learning_logs\views.py", line 52, in subir_arquivo
    return render(request, 'learning_logs/subir_arquivos.html', {array_id})
                                                                ^^^^^^^^^^
TypeError: unhashable type: 'list'
WARNING:django.request:Not Found: /favicon.ico
ERROR:django.request:Internal Server Error: /subir_arquivo/
Traceback (most recent call last):
  File "C:\Users\Geral\Desktop\Curso de Django\Aula 01\learning_log\ll_env\Lib\site-packages\django\core\handlers\exception.py", line 55, in inner
    response = get_response(request)
               ^^^^^^^^^^^^^^^^^^^^^
  File "C:\Users\Geral\Desktop\Curso de Django\Aula 01\learning_log\ll_env\Lib\site-packages\django\core\handlers\base.py", line 197, in _get_response
    response = wrapped_callback(request, *callback_args, **callback_kwargs)
               ^^^^^^^^^^^^^^^^^^^^^^^^^^^^^^^^^^^^^^^^^^^^^^^^^^^^^^^^^^^^
  File "C:\Users\Geral\Desktop\Curso de Django\Aula 01\learning_log\learning_logs\views.py", line 52, in subir_arquivo
    return render(request, 'learning_logs/subir_arquivos.html', {array_id})
                                                                ^^^^^^^^^^
TypeError: unhashable type: 'list'
WARNING:django.security.csrf:Forbidden (CSRF token missing.): /salvar_ids/
ERROR:django.request:Internal Server Error: /subir_arquivo/
Traceback (most recent call last):
  File "C:\Users\Geral\Desktop\Curso de Django\Aula 01\learning_log\ll_env\Lib\site-packages\django\core\handlers\exception.py", line 55, in inner
    response = get_response(request)
               ^^^^^^^^^^^^^^^^^^^^^
  File "C:\Users\Geral\Desktop\Curso de Django\Aula 01\learning_log\ll_env\Lib\site-packages\django\core\handlers\base.py", line 197, in _get_response
    response = wrapped_callback(request, *callback_args, **callback_kwargs)
               ^^^^^^^^^^^^^^^^^^^^^^^^^^^^^^^^^^^^^^^^^^^^^^^^^^^^^^^^^^^^
  File "C:\Users\Geral\Desktop\Curso de Django\Aula 01\learning_log\learning_logs\views.py", line 52, in subir_arquivo
    return render(request, 'learning_logs/subir_arquivos.html', {array_id})
                                                                ^^^^^^^^^^
TypeError: unhashable type: 'list'
INFO:django.utils.autoreload:C:\Users\Geral\Desktop\Curso de Django\Aula 01\learning_log\learning_logs\views.py changed, reloading.
ERROR:django.request:Internal Server Error: /subir_arquivo/
Traceback (most recent call last):
  File "C:\Users\Geral\Desktop\Curso de Django\Aula 01\learning_log\ll_env\Lib\site-packages\django\core\handlers\exception.py", line 55, in inner
    response = get_response(request)
               ^^^^^^^^^^^^^^^^^^^^^
  File "C:\Users\Geral\Desktop\Curso de Django\Aula 01\learning_log\ll_env\Lib\site-packages\django\core\handlers\base.py", line 197, in _get_response
    response = wrapped_callback(request, *callback_args, **callback_kwargs)
               ^^^^^^^^^^^^^^^^^^^^^^^^^^^^^^^^^^^^^^^^^^^^^^^^^^^^^^^^^^^^
  File "C:\Users\Geral\Desktop\Curso de Django\Aula 01\learning_log\learning_logs\views.py", line 52, in subir_arquivo
    return render(request, 'learning_logs/subir_arquivos.html', {'array': array_id})
           ^^^^^^^^^^^^^^^^^^^^^^^^^^^^^^^^^^^^^^^^^^^^^^^^^^^^^^^^^^^^^^^^^^^^^^^^^
  File "C:\Users\Geral\Desktop\Curso de Django\Aula 01\learning_log\ll_env\Lib\site-packages\django\shortcuts.py", line 25, in render
    content = loader.render_to_string(template_name, context, request, using=using)
              ^^^^^^^^^^^^^^^^^^^^^^^^^^^^^^^^^^^^^^^^^^^^^^^^^^^^^^^^^^^^^^^^^^^^^
  File "C:\Users\Geral\Desktop\Curso de Django\Aula 01\learning_log\ll_env\Lib\site-packages\django\template\loader.py", line 61, in render_to_string
    template = get_template(template_name, using=using)
               ^^^^^^^^^^^^^^^^^^^^^^^^^^^^^^^^^^^^^^^^
  File "C:\Users\Geral\Desktop\Curso de Django\Aula 01\learning_log\ll_env\Lib\site-packages\django\template\loader.py", line 19, in get_template
    raise TemplateDoesNotExist(template_name, chain=chain)
django.template.exceptions.TemplateDoesNotExist: learning_logs/subir_arquivos.html
ERROR:django.request:Internal Server Error: /subir_arquivo/
Traceback (most recent call last):
  File "C:\Users\Geral\Desktop\Curso de Django\Aula 01\learning_log\ll_env\Lib\site-packages\django\core\handlers\exception.py", line 55, in inner
    response = get_response(request)
               ^^^^^^^^^^^^^^^^^^^^^
  File "C:\Users\Geral\Desktop\Curso de Django\Aula 01\learning_log\ll_env\Lib\site-packages\django\core\handlers\base.py", line 197, in _get_response
    response = wrapped_callback(request, *callback_args, **callback_kwargs)
               ^^^^^^^^^^^^^^^^^^^^^^^^^^^^^^^^^^^^^^^^^^^^^^^^^^^^^^^^^^^^
  File "C:\Users\Geral\Desktop\Curso de Django\Aula 01\learning_log\learning_logs\views.py", line 52, in subir_arquivo
    return render(request, 'learning_logs/subir_arquivos.html', {'array': array_id})
           ^^^^^^^^^^^^^^^^^^^^^^^^^^^^^^^^^^^^^^^^^^^^^^^^^^^^^^^^^^^^^^^^^^^^^^^^^
  File "C:\Users\Geral\Desktop\Curso de Django\Aula 01\learning_log\ll_env\Lib\site-packages\django\shortcuts.py", line 25, in render
    content = loader.render_to_string(template_name, context, request, using=using)
              ^^^^^^^^^^^^^^^^^^^^^^^^^^^^^^^^^^^^^^^^^^^^^^^^^^^^^^^^^^^^^^^^^^^^^
  File "C:\Users\Geral\Desktop\Curso de Django\Aula 01\learning_log\ll_env\Lib\site-packages\django\template\loader.py", line 61, in render_to_string
    template = get_template(template_name, using=using)
               ^^^^^^^^^^^^^^^^^^^^^^^^^^^^^^^^^^^^^^^^
  File "C:\Users\Geral\Desktop\Curso de Django\Aula 01\learning_log\ll_env\Lib\site-packages\django\template\loader.py", line 19, in get_template
    raise TemplateDoesNotExist(template_name, chain=chain)
django.template.exceptions.TemplateDoesNotExist: learning_logs/subir_arquivos.html
INFO:django.utils.autoreload:C:\Users\Geral\Desktop\Curso de Django\Aula 01\learning_log\learning_logs\views.py changed, reloading.
INFO:django.utils.autoreload:C:\Users\Geral\Desktop\Curso de Django\Aula 01\learning_log\learning_logs\views.py changed, reloading.
INFO:django.utils.autoreload:C:\Users\Geral\Desktop\Curso de Django\Aula 01\learning_log\learning_logs\utils.py changed, reloading.
INFO:django.utils.autoreload:C:\Users\Geral\Desktop\Curso de Django\Aula 01\learning_log\learning_logs\views.py changed, reloading.
INFO:django.utils.autoreload:C:\Users\Geral\Desktop\Curso de Django\Aula 01\learning_log\learning_logs\views.py changed, reloading.
INFO:django.utils.autoreload:C:\Users\Geral\Desktop\Curso de Django\Aula 01\learning_log\learning_logs\urls.py changed, reloading.
INFO:django.utils.autoreload:C:\Users\Geral\Desktop\Curso de Django\Aula 01\learning_log\learning_log\urls.py changed, reloading.
INFO:django.utils.autoreload:C:\Users\Geral\Desktop\Curso de Django\Aula 01\learning_log\learning_log\settings.py changed, reloading.
INFO:django.utils.autoreload:C:\Users\Geral\Desktop\Curso de Django\Aula 01\learning_log\learning_logs\utils.py changed, reloading.
INFO:django.utils.autoreload:C:\Users\Geral\Desktop\Curso de Django\Aula 01\learning_log\learning_logs\utils.py changed, reloading.
